[I 2025-09-25 11:59:43.406 ServerApp] Extension package jupyter_lsp took 0.2513s to import
[I 2025-09-25 11:59:46.924 ServerApp] jupyter_lsp | extension was successfully linked.
[I 2025-09-25 11:59:46.929 ServerApp] jupyter_server_terminals | extension was successfully linked.
[I 2025-09-25 11:59:46.934 ServerApp] jupyterlab | extension was successfully linked.
[I 2025-09-25 11:59:46.939 ServerApp] notebook | extension was successfully linked.
[W 2025-09-25 11:59:49.433 ServerApp] jupyter_nbextensions_configurator | error adding extension (enabled: True): The module 'jupyter_nbextensions_configurator' could not be found (No module named 'jupyter_nbextensions_configurator'). Are you sure the extension is installed?
    Traceback (most recent call last):
      File "/home1/ppatel2025/miniconda3/envs/tito_env/lib/python3.12/site-packages/jupyter_server/extension/manager.py", line 365, in add_extension
        extpkg = ExtensionPackage(name=extension_name, enabled=enabled)
                 ^^^^^^^^^^^^^^^^^^^^^^^^^^^^^^^^^^^^^^^^^^^^^^^^^^^^^^
      File "/home1/ppatel2025/miniconda3/envs/tito_env/lib/python3.12/site-packages/jupyter_server/extension/manager.py", line 219, in __init__
        self._load_metadata()
      File "/home1/ppatel2025/miniconda3/envs/tito_env/lib/python3.12/site-packages/jupyter_server/extension/manager.py", line 234, in _load_metadata
        raise ExtensionModuleNotFound(msg) from None
    jupyter_server.extension.utils.ExtensionModuleNotFound: The module 'jupyter_nbextensions_configurator' could not be found (No module named 'jupyter_nbextensions_configurator'). Are you sure the extension is installed?
[I 2025-09-25 11:59:49.442 ServerApp] notebook_shim | extension was successfully linked.
[I 2025-09-25 11:59:49.676 ServerApp] notebook_shim | extension was successfully loaded.
[I 2025-09-25 11:59:49.678 ServerApp] jupyter_lsp | extension was successfully loaded.
[I 2025-09-25 11:59:49.682 ServerApp] jupyter_server_terminals | extension was successfully loaded.
[I 2025-09-25 11:59:49.702 LabApp] JupyterLab extension loaded from /home1/ppatel2025/miniconda3/envs/tito_env/lib/python3.12/site-packages/jupyterlab
[I 2025-09-25 11:59:49.702 LabApp] JupyterLab application directory is /home1/ppatel2025/miniconda3/envs/tito_env/share/jupyter/lab
[I 2025-09-25 11:59:49.703 LabApp] Extension Manager is 'pypi'.
[I 2025-09-25 11:59:49.989 ServerApp] jupyterlab | extension was successfully loaded.
[I 2025-09-25 11:59:50.000 ServerApp] notebook | extension was successfully loaded.
[I 2025-09-25 11:59:50.001 ServerApp] Serving notebooks from local directory: /home1/ppatel2025/project_xray
[I 2025-09-25 11:59:50.001 ServerApp] Jupyter Server 2.17.0 is running at:
[I 2025-09-25 11:59:50.001 ServerApp] http://gpu03:8888/tree?token=a7bd539887b53baa1f7ecd07362ba0c2adf17f794d8eb446
[I 2025-09-25 11:59:50.001 ServerApp]     http://127.0.0.1:8888/tree?token=a7bd539887b53baa1f7ecd07362ba0c2adf17f794d8eb446
[I 2025-09-25 11:59:50.001 ServerApp] Use Control-C to stop this server and shut down all kernels (twice to skip confirmation).
[C 2025-09-25 11:59:50.011 ServerApp] 
    
    To access the server, open this file in a browser:
        file:///home1/ppatel2025/.local/share/jupyter/runtime/jpserver-3943418-open.html
    Or copy and paste one of these URLs:
        http://gpu03:8888/tree?token=a7bd539887b53baa1f7ecd07362ba0c2adf17f794d8eb446
        http://127.0.0.1:8888/tree?token=a7bd539887b53baa1f7ecd07362ba0c2adf17f794d8eb446
[I 2025-09-25 11:59:50.792 ServerApp] Skipped non-installed server(s): basedpyright, bash-language-server, dockerfile-language-server-nodejs, javascript-typescript-langserver, jedi-language-server, julia-language-server, pyrefly, pyright, python-language-server, python-lsp-server, r-languageserver, sql-language-server, texlab, typescript-language-server, unified-language-server, vscode-css-languageserver-bin, vscode-html-languageserver-bin, vscode-json-languageserver-bin, yaml-language-server
[W 2025-09-25 12:01:12.335 ServerApp] Notebook visualization.ipynb is not trusted
[W 2025-09-25 12:01:13.834 ServerApp] Notebook visualization.ipynb is not trusted
[I 2025-09-25 12:01:14.372 ServerApp] Kernel started: aa515d20-45ae-49b5-bcac-18d729de73bf
[I 2025-09-25 12:01:22.897 ServerApp] Connecting to kernel aa515d20-45ae-49b5-bcac-18d729de73bf.
[I 2025-09-25 12:01:22.971 ServerApp] Connecting to kernel aa515d20-45ae-49b5-bcac-18d729de73bf.
[I 2025-09-25 12:01:23.065 ServerApp] Connecting to kernel aa515d20-45ae-49b5-bcac-18d729de73bf.
[I 2025-09-25 12:01:23.180 ServerApp] Connecting to kernel aa515d20-45ae-49b5-bcac-18d729de73bf.
[I 2025-09-25 12:03:14.492 ServerApp] Saving file at /visualization.ipynb
[I 2025-09-25 12:04:53.630 ServerApp] Starting buffering for aa515d20-45ae-49b5-bcac-18d729de73bf:aeb98ccf-0ca4-4a5b-9fb3-334e8153c056
[I 2025-09-25 12:04:54.419 ServerApp] Connecting to kernel aa515d20-45ae-49b5-bcac-18d729de73bf.
[W 2025-09-25 12:04:54.498 ServerApp] Notebook visualization.ipynb is not trusted
[I 2025-09-25 12:04:54.539 ServerApp] Starting buffering for aa515d20-45ae-49b5-bcac-18d729de73bf:b64a7775-61d1-4eea-b98a-efedf405d226
[I 2025-09-25 12:04:54.733 ServerApp] Connecting to kernel aa515d20-45ae-49b5-bcac-18d729de73bf.
[I 2025-09-25 12:06:44.534 ServerApp] Starting buffering for aa515d20-45ae-49b5-bcac-18d729de73bf:c3b5e261-ddbc-49bc-9ae3-eaa867ebbd3d
[I 2025-09-25 12:06:45.297 ServerApp] Connecting to kernel aa515d20-45ae-49b5-bcac-18d729de73bf.
[W 2025-09-25 12:06:45.445 ServerApp] Notebook visualization.ipynb is not trusted
[I 2025-09-25 12:06:45.448 ServerApp] Starting buffering for aa515d20-45ae-49b5-bcac-18d729de73bf:a70b18c1-06ed-48f3-86e0-15e5fae18aca
[I 2025-09-25 12:06:45.604 ServerApp] Connecting to kernel aa515d20-45ae-49b5-bcac-18d729de73bf.
[I 2025-09-25 12:08:45.838 ServerApp] Saving file at /visualization.ipynb
[I 2025-09-25 12:10:46.790 ServerApp] Saving file at /visualization.ipynb
[I 2025-09-25 12:12:39.972 ServerApp] Starting buffering for aa515d20-45ae-49b5-bcac-18d729de73bf:981299f4-758d-4c8e-ab6c-e6eff495beb7
[I 2025-09-25 12:12:41.070 ServerApp] Connecting to kernel aa515d20-45ae-49b5-bcac-18d729de73bf.
[W 2025-09-25 12:12:41.178 ServerApp] Notebook visualization.ipynb is not trusted
[I 2025-09-25 12:12:41.219 ServerApp] Starting buffering for aa515d20-45ae-49b5-bcac-18d729de73bf:e5c54713-750b-427b-8e27-8f2ed828f491
[I 2025-09-25 12:12:41.799 ServerApp] Connecting to kernel aa515d20-45ae-49b5-bcac-18d729de73bf.
[I 2025-09-25 12:15:07.896 ServerApp] Saving file at /visualization.ipynb
[I 2025-09-25 12:17:24.764 ServerApp] Starting buffering for aa515d20-45ae-49b5-bcac-18d729de73bf:e743b389-28a2-4d87-8153-40feb1d1627d
[I 2025-09-25 12:17:25.929 ServerApp] Connecting to kernel aa515d20-45ae-49b5-bcac-18d729de73bf.
[W 2025-09-25 12:17:25.954 ServerApp] Notebook visualization.ipynb is not trusted
[I 2025-09-25 12:17:26.156 ServerApp] Starting buffering for aa515d20-45ae-49b5-bcac-18d729de73bf:476f91bd-d164-4023-9f45-9bbdbf58a647
[I 2025-09-25 12:17:26.277 ServerApp] Connecting to kernel aa515d20-45ae-49b5-bcac-18d729de73bf.
[I 2025-09-25 12:19:28.478 ServerApp] Saving file at /visualization.ipynb
[I 2025-09-25 12:21:30.720 ServerApp] Saving file at /visualization.ipynb
[I 2025-09-25 12:22:18.417 ServerApp] Starting buffering for aa515d20-45ae-49b5-bcac-18d729de73bf:ca7ded26-4582-43e1-9f50-c8510fa4e8fd
[I 2025-09-25 12:22:18.443 ServerApp] Connecting to kernel aa515d20-45ae-49b5-bcac-18d729de73bf.
[I 2025-09-25 12:22:18.444 ServerApp] Restoring connection for aa515d20-45ae-49b5-bcac-18d729de73bf:ca7ded26-4582-43e1-9f50-c8510fa4e8fd
[W 2025-09-25 12:24:48.445 ServerApp] WebSocket ping timeout after 119815 ms.
[I 2025-09-25 12:24:53.448 ServerApp] Starting buffering for aa515d20-45ae-49b5-bcac-18d729de73bf:ca7ded26-4582-43e1-9f50-c8510fa4e8fd
[I 2025-09-25 12:27:29.776 ServerApp] Connecting to kernel aa515d20-45ae-49b5-bcac-18d729de73bf.
[I 2025-09-25 12:27:29.776 ServerApp] Restoring connection for aa515d20-45ae-49b5-bcac-18d729de73bf:ca7ded26-4582-43e1-9f50-c8510fa4e8fd
[I 2025-09-25 12:59:42.072 ServerApp] Starting buffering for aa515d20-45ae-49b5-bcac-18d729de73bf:ca7ded26-4582-43e1-9f50-c8510fa4e8fd
[I 2025-09-25 12:59:43.957 ServerApp] Connecting to kernel aa515d20-45ae-49b5-bcac-18d729de73bf.
[I 2025-09-25 12:59:44.087 ServerApp] Starting buffering for aa515d20-45ae-49b5-bcac-18d729de73bf:6a39b654-7f99-495b-a776-b396cd921d97
[W 2025-09-25 12:59:44.139 ServerApp] Notebook visualization.ipynb is not trusted
[I 2025-09-25 12:59:45.190 ServerApp] Connecting to kernel aa515d20-45ae-49b5-bcac-18d729de73bf.
[W 2025-09-25 13:02:11.508 ServerApp] Notebook visualization.ipynb is not trusted
[I 2025-09-25 13:06:28.325 ServerApp] Saving file at /visualization.ipynb
[I 2025-09-25 13:17:56.436 ServerApp] Starting buffering for aa515d20-45ae-49b5-bcac-18d729de73bf:0806bea8-b525-4162-a782-922e7dab6763
[I 2025-09-25 13:17:56.494 ServerApp] Connecting to kernel aa515d20-45ae-49b5-bcac-18d729de73bf.
[I 2025-09-25 13:17:56.494 ServerApp] Restoring connection for aa515d20-45ae-49b5-bcac-18d729de73bf:0806bea8-b525-4162-a782-922e7dab6763
[W 2025-09-25 13:20:26.495 ServerApp] WebSocket ping timeout after 119987 ms.
[I 2025-09-25 13:20:31.498 ServerApp] Starting buffering for aa515d20-45ae-49b5-bcac-18d729de73bf:0806bea8-b525-4162-a782-922e7dab6763
[I 2025-09-25 13:32:47.648 ServerApp] Connecting to kernel aa515d20-45ae-49b5-bcac-18d729de73bf.
[I 2025-09-25 13:32:47.648 ServerApp] Restoring connection for aa515d20-45ae-49b5-bcac-18d729de73bf:0806bea8-b525-4162-a782-922e7dab6763
[W 2025-09-25 13:35:17.650 ServerApp] WebSocket ping timeout after 119985 ms.
[I 2025-09-25 13:35:22.653 ServerApp] Starting buffering for aa515d20-45ae-49b5-bcac-18d729de73bf:0806bea8-b525-4162-a782-922e7dab6763
[I 2025-09-25 13:35:41.701 ServerApp] Connecting to kernel aa515d20-45ae-49b5-bcac-18d729de73bf.
[I 2025-09-25 13:35:41.701 ServerApp] Restoring connection for aa515d20-45ae-49b5-bcac-18d729de73bf:0806bea8-b525-4162-a782-922e7dab6763
[W 2025-09-25 13:37:11.701 ServerApp] WebSocket ping timeout after 90000 ms.
[I 2025-09-25 13:37:16.706 ServerApp] Starting buffering for aa515d20-45ae-49b5-bcac-18d729de73bf:0806bea8-b525-4162-a782-922e7dab6763
slurmstepd-gpu03: error: *** JOB 106006 ON gpu03 CANCELLED AT 2025-09-25T15:59:44 DUE TO TIME LIMIT ***
